A51 MACRO ASSEMBLER  LAB                                                                  12/31/2016 00:32:38 PAGE     1


MACRO ASSEMBLER A51 V8.2.5.0
OBJECT MODULE PLACED IN .\Objects\lab.obj
ASSEMBLER INVOKED BY: D:\PROGRAM FILES\KEIL\C51\BIN\A51.EXE lab.a51 SET(SMALL) DEBUG PRINT(.\Listings\lab.lst) OBJECT(.\
                      Objects\lab.obj) EP

LOC  OBJ            LINE     SOURCE

0000                   1     ORG 00H

0000                   2     MAIN:   

0000 1106              3     CALL READ_ADC

0002 110A              4     CALL CHECK

0004 80FA              5     JMP MAIN

0006                   6     READ_ADC:

0006 858090            7     MOV P1,P0

0009 22                8     RET

000A                   9     CHECK:

000A 309005           10     JNB P1.0,DOWN

000D 8590B0           11     MOV P3,P1

0010 8003             12     JMP DOWN1

0012                  13     DOWN:

0012 8590A0           14     MOV P2,P1

0015                  15     DOWN1:

0015 22               16     RET 

                      17     END

A51 MACRO ASSEMBLER  LAB                                                                  12/31/2016 00:32:38 PAGE     2

SYMBOL TABLE LISTING
------ ----- -------


N A M E             T Y P E  V A L U E   ATTRIBUTES

CHECK. . . . . . .  C ADDR   000AH   A   
DOWN . . . . . . .  C ADDR   0012H   A   
DOWN1. . . . . . .  C ADDR   0015H   A   
MAIN . . . . . . .  C ADDR   0000H   A   
P0 . . . . . . . .  D ADDR   0080H   A   
P1 . . . . . . . .  D ADDR   0090H   A   
P2 . . . . . . . .  D ADDR   00A0H   A   
P3 . . . . . . . .  D ADDR   00B0H   A   
READ_ADC . . . . .  C ADDR   0006H   A   


REGISTER BANK(S) USED: 0 


ASSEMBLY COMPLETE.  0 WARNING(S), 0 ERROR(S)
