BL51 BANKED LINKER/LOCATER V6.22                                                        01/14/2017  21:22:53  PAGE 1


BL51 BANKED LINKER/LOCATER V6.22, INVOKED BY:
D:\PROGRAM FILES\KEIL\C51\BIN\BL51.EXE .\Objects\test.obj TO .\Objects\test PRINT (.\Listings\test.m51)


INPUT MODULES INCLUDED:
  .\Objects\test.obj (TEST)


LINK MAP OF MODULE:  .\Objects\test (TEST)


            TYPE    BASE      LENGTH    RELOCATION   SEGMENT NAME
            -----------------------------------------------------

            * * * * * * *   D A T A   M E M O R Y   * * * * * * *
            REG     0000H     0008H     ABSOLUTE     "REG BANK 0"

            * * * * * * *   C O D E   M E M O R Y   * * * * * * *
            CODE    0000H     0053H     ABSOLUTE     



SYMBOL TABLE OF MODULE:  .\Objects\test (TEST)

  VALUE           TYPE          NAME
  ----------------------------------

  -------         MODULE        TEST
  C:0011H         SYMBOL        CMD
  C:001EH         SYMBOL        DAT
  C:002BH         SYMBOL        DELAY
  C:003DH         SYMBOL        EXIT
  C:002FH         SYMBOL        LOOP
  C:003EH         SYMBOL        MYSTRING
  D:0090H         SYMBOL        P1
  D:00A0H         SYMBOL        P2
  C:0034H         SYMBOL        WRTSTRING
  C:0000H         LINE#         65533
  C:0002H         LINE#         2
  C:0004H         LINE#         3
  C:0006H         LINE#         4
  C:0008H         LINE#         5
  C:000AH         LINE#         6
  C:000CH         LINE#         7
  C:000FH         LINE#         8
  C:0011H         LINE#         9
  C:0013H         LINE#         10
  C:0015H         LINE#         11
  C:0017H         LINE#         12
  C:0019H         LINE#         13
  C:001BH         LINE#         14
  C:001DH         LINE#         15
  C:001EH         LINE#         17
  C:0020H         LINE#         18
  C:0022H         LINE#         19
  C:0024H         LINE#         20
  C:0026H         LINE#         21
  C:0028H         LINE#         22
BL51 BANKED LINKER/LOCATER V6.22                                                      01/14/2017  21:22:53  PAGE 2


  C:002AH         LINE#         23
  C:002BH         LINE#         25
  C:002DH         LINE#         26
  C:002FH         LINE#         28
  C:0031H         LINE#         29
  C:0033H         LINE#         30
  C:0034H         LINE#         32
  C:0035H         LINE#         33
  C:0036H         LINE#         34
  C:0038H         LINE#         35
  C:003AH         LINE#         36
  C:003BH         LINE#         37
  C:003DH         LINE#         39
  -------         ENDMOD        TEST

******************************************************************************
* RESTRICTED VERSION WITH 0800H BYTE CODE SIZE LIMIT; USED: 0053H BYTE ( 4%) *
******************************************************************************

Program Size: data=8.0 xdata=0 code=83
LINK/LOCATE RUN COMPLETE.  0 WARNING(S),  0 ERROR(S)
